
> english-learning-server@1.0.0 start
> node index.js

MySQL 数据库和表结构初始化完成
✅ 服务器已启动，监听端口: 3000
📡 API地址: https://localhost:3000/api
💾 数据库: MySQL
2026-08-03T12:56:53.448Z - POST /api/achievement/rewards/use
2026-08-03T12:56:55.142Z - POST /api/achievement/rewards/use
2026-08-03T12:56:55.243Z - GET /api/settings?userId=76
2026-08-03T12:56:55.247Z - GET /api/achievement?userId=76
2026-08-03T12:56:57.015Z - GET /api/achievement?userId=76
2026-08-03T12:56:57.018Z - GET /api/settings?userId=76
2026-08-03T13:00:12.413Z - GET /api/adventure-course/module/scene-002/levels
2026-08-03T13:00:12.972Z - GET /api/settings?userId=76
2026-08-03T13:00:54.065Z - GET /api/adventure-course/modules
2026-08-03T13:00:54.141Z - GET /api/user/stats?userId=76
2026-08-03T13:00:54.145Z - GET /api/user/streak?userId=76
2026-08-03T13:00:54.211Z - GET /api/settings?userId=76
2026-08-03T13:00:54.415Z - GET /api/word/status?userId=76
2026-08-03T13:00:54.503Z - GET /api/settings?userId=76
2026-08-03T13:01:00.758Z - GET /api/adventure-course/modules
2026-08-03T13:01:04.180Z - GET /api/adventure-course/module/scene-002/levels
2026-08-03T13:03:44.883Z - GET /api/adventure-course/level/scene-002-007/questions
2026-08-03T13:03:44.908Z - GET /api/settings?userId=76
2026-08-03T13:03:45.487Z - GET /api/settings?userId=76
2026-08-03T13:03:45.489Z - GET /api/achievement?userId=76
2026-08-03T13:03:46.137Z - GET /api/achievement/rewards?userId=76
2026-08-03T13:05:47.790Z - GET /api/adventure-course/module/scene-002/levels
2026-08-03T13:11:46.428Z - GET /api/adventure-course/module/scene-002/levels
2026-08-03T13:11:47.034Z - GET /api/settings?userId=76
2026-08-03T13:11:53.949Z - GET /api/adventure-course/level/scene-002-007/questions
2026-08-03T13:11:54.066Z - GET /api/settings?userId=76
2026-08-03T13:11:54.315Z - GET /api/achievement?userId=76
2026-08-03T13:11:54.514Z - GET /api/settings?userId=76
2026-08-03T13:11:54.900Z - GET /api/achievement/rewards?userId=76
2026-08-03T13:11:57.411Z - GET /api/speech/tts?text=war&speed=3
2026-08-03T13:12:10.143Z - GET /api/speech/tts?text=offer&speed=3
2026-08-03T13:12:21.959Z - GET /api/speech/tts?text=full&speed=3
2026-08-03T13:12:30.028Z - POST /api/adventure-course/level/scene-002-007/submit
2026-08-03T13:12:30.748Z - GET /api/achievement?userId=76
2026-08-03T13:12:30.768Z - GET /api/settings?userId=76
2026-08-03T13:12:30.787Z - GET /api/achievement?userId=76
2026-08-03T13:12:30.869Z - GET /api/settings?userId=76
2026-08-03T13:12:35.443Z - GET /api/adventure-course/module/scene-002/levels
2026-08-03T13:13:39.675Z - GET /api/adventure-course/level/scene-002-008/questions
2026-08-03T13:13:39.899Z - GET /api/settings?userId=76
2026-08-03T13:13:39.997Z - GET /api/achievement?userId=76
2026-08-03T13:13:40.040Z - GET /api/settings?userId=76
2026-08-03T13:13:40.797Z - GET /api/achievement/rewards?userId=76
2026-08-03T13:14:09.873Z - GET /api/speech/tts?text=view&speed=3
2026-08-03T13:14:26.673Z - GET /api/speech/tts?text=expect&speed=3
2026-08-03T13:14:36.198Z - GET /api/speech/tts?text=ago&speed=3
2026-08-03T13:14:47.350Z - POST /api/adventure-course/level/scene-002-008/submit
2026-08-03T13:14:48.418Z - GET /api/achievement?userId=76
2026-08-03T13:14:48.422Z - GET /api/settings?userId=76
2026-08-03T13:14:48.427Z - GET /api/settings?userId=76
2026-08-03T13:14:48.429Z - GET /api/achievement?userId=76
2026-08-03T13:14:53.680Z - GET /api/settings?userId=76
2026-08-03T13:14:53.683Z - GET /api/adventure-course/level/scene-002-008/questions
2026-08-03T13:14:54.930Z - GET /api/adventure-course/level/scene-002-008/questions
2026-08-03T13:14:54.938Z - GET /api/settings?userId=76
2026-08-03T13:14:55.001Z - GET /api/achievement/rewards?userId=76
2026-08-03T13:14:56.135Z - GET /api/achievement/rewards?userId=76
2026-08-03T13:15:00.793Z - GET /api/speech/tts?text=view&speed=3
2026-08-03T13:15:12.316Z - GET /api/speech/tts?text=expect&speed=3
2026-08-03T13:15:23.838Z - GET /api/speech/tts?text=ago&speed=3
2026-08-03T13:15:44.238Z - POST /api/adventure-course/level/scene-002-008/submit
2026-08-03T13:15:45.614Z - GET /api/achievement?userId=76
2026-08-03T13:15:45.722Z - GET /api/settings?userId=76
2026-08-03T13:15:45.724Z - GET /api/achievement?userId=76
2026-08-03T13:15:45.750Z - GET /api/settings?userId=76
2026-08-03T13:15:56.216Z - GET /api/settings?userId=76
2026-08-03T13:15:56.218Z - GET /api/adventure-course/level/scene-002-009/questions
2026-08-03T13:15:56.596Z - GET /api/achievement?userId=76
2026-08-03T13:15:56.598Z - GET /api/settings?userId=76
2026-08-03T13:15:57.718Z - GET /api/achievement/rewards?userId=76
2026-08-03T13:16:03.221Z - GET /api/speech/tts?text=public&speed=3
2026-08-03T13:16:13.869Z - GET /api/speech/tts?text=read&speed=3
2026-08-03T13:16:40.272Z - GET /api/user/stats?userId=76
2026-08-03T13:16:40.275Z - GET /api/adventure-course/modules
2026-08-03T13:16:40.342Z - GET /api/user/streak?userId=76
2026-08-03T13:16:40.347Z - GET /api/settings?userId=76
2026-08-03T13:16:40.539Z - GET /api/settings?userId=76
2026-08-03T13:16:40.658Z - GET /api/word/status?userId=76
2026-08-03T13:16:57.278Z - GET /api/settings?userId=76
2026-08-03T13:17:04.129Z - GET /api/speech/tts?text=figure&speed=3
2026-08-03T13:17:16.709Z - POST /api/adventure-course/level/scene-002-009/submit
2026-08-03T13:17:17.489Z - GET /api/achievement?userId=76
2026-08-03T13:17:17.602Z - GET /api/settings?userId=76
2026-08-03T13:17:17.625Z - GET /api/achievement?userId=76
2026-08-03T13:17:17.628Z - GET /api/settings?userId=76
2026-08-03T13:17:18.422Z - GET /api/settings?userId=76
2026-08-03T13:17:18.424Z - GET /api/adventure-course/level/scene-002-010/questions
2026-08-03T13:17:18.782Z - GET /api/achievement?userId=76
2026-08-03T13:17:18.787Z - GET /api/settings?userId=76
2026-08-03T13:17:19.353Z - GET /api/achievement/rewards?userId=76
2026-08-03T13:17:21.894Z - GET /api/speech/tts?text=police&speed=3
2026-08-03T13:17:29.336Z - GET /api/speech/tts?text=fall&speed=3
2026-08-03T13:17:40.009Z - GET /api/speech/tts?text=available&speed=3
2026-08-03T13:17:47.320Z - POST /api/adventure-course/level/scene-002-010/submit
2026-08-03T13:17:48.114Z - GET /api/settings?userId=76
2026-08-03T13:17:48.130Z - GET /api/achievement?userId=76
2026-08-03T13:17:48.139Z - GET /api/achievement?userId=76
2026-08-03T13:17:48.141Z - GET /api/settings?userId=76
2026-08-03T13:17:48.532Z - GET /api/settings?userId=76
2026-08-03T13:17:48.534Z - GET /api/adventure-course/level/scene-002-011/questions
2026-08-03T13:17:48.889Z - GET /api/achievement?userId=76
2026-08-03T13:17:48.903Z - GET /api/settings?userId=76
2026-08-03T13:17:49.371Z - GET /api/achievement/rewards?userId=76
2026-08-03T13:17:53.119Z - GET /api/speech/tts?text=control&speed=3
2026-08-03T13:18:04.708Z - GET /api/speech/tts?text=spend&speed=3
2026-08-03T13:18:16.339Z - GET /api/speech/tts?text=remain&speed=3
2026-08-03T13:18:23.912Z - POST /api/adventure-course/level/scene-002-011/submit
2026-08-03T13:18:24.741Z - GET /api/achievement?userId=76
2026-08-03T13:18:24.762Z - GET /api/settings?userId=76
2026-08-03T13:18:24.764Z - GET /api/achievement?userId=76
2026-08-03T13:18:24.799Z - GET /api/settings?userId=76
2026-08-03T13:18:25.186Z - GET /api/adventure-course/level/scene-002-012/questions
2026-08-03T13:18:25.211Z - GET /api/settings?userId=76
2026-08-03T13:18:25.552Z - GET /api/settings?userId=76
2026-08-03T13:18:25.554Z - GET /api/achievement?userId=76
2026-08-03T13:18:26.053Z - GET /api/achievement/rewards?userId=76
2026-08-03T13:18:37.650Z - GET /api/speech/tts?text=sure&speed=3
2026-08-03T13:18:45.075Z - GET /api/speech/tts?text=buy&speed=3
2026-08-03T13:18:59.481Z - GET /api/speech/tts?text=actually&speed=3
2026-08-03T13:19:06.473Z - POST /api/adventure-course/level/scene-002-012/submit
2026-08-03T13:19:07.209Z - GET /api/achievement?userId=76
2026-08-03T13:19:07.230Z - GET /api/settings?userId=76
2026-08-03T13:19:07.233Z - GET /api/settings?userId=76
2026-08-03T13:19:07.235Z - GET /api/achievement?userId=76
2026-08-03T13:19:08.223Z - GET /api/settings?userId=76
2026-08-03T13:19:08.225Z - GET /api/adventure-course/level/scene-002-013/questions
2026-08-03T13:19:08.629Z - GET /api/achievement?userId=76
2026-08-03T13:19:08.631Z - GET /api/settings?userId=76
2026-08-03T13:19:09.066Z - GET /api/achievement/rewards?userId=76
2026-08-03T13:19:12.211Z - GET /api/speech/tts?text=research&speed=3
2026-08-03T13:19:23.073Z - GET /api/speech/tts?text=programme&speed=3
2026-08-03T13:19:36.138Z - GET /api/speech/tts?text=girl&speed=3
2026-08-03T13:19:47.597Z - POST /api/adventure-course/level/scene-002-013/submit
2026-08-03T13:19:48.390Z - GET /api/achievement?userId=76
2026-08-03T13:19:48.392Z - GET /api/settings?userId=76
2026-08-03T13:19:48.410Z - GET /api/achievement?userId=76
2026-08-03T13:19:48.413Z - GET /api/settings?userId=76
2026-08-03T13:19:50.489Z - GET /api/adventure-course/module/scene-002/levels
2026-08-03T13:20:50.733Z - GET /api/user/stats?userId=76
2026-08-03T13:20:50.734Z - GET /api/user/streak?userId=76
2026-08-03T13:20:50.757Z - GET /api/settings?userId=76
2026-08-03T13:20:50.763Z - GET /api/adventure-course/modules
2026-08-03T13:20:50.933Z - GET /api/word/status?userId=76
2026-08-03T13:20:51.363Z - GET /api/settings?userId=76
2026-08-03T13:20:54.683Z - GET /api/adventure-course/modules
2026-08-03T13:20:59.494Z - GET /api/adventure-course/module/scene-002/levels
2026-08-03T13:21:02.547Z - GET /api/adventure-course/level/scene-002-014/questions
2026-08-03T13:21:02.550Z - GET /api/settings?userId=76
2026-08-03T13:21:02.945Z - GET /api/achievement?userId=76
2026-08-03T13:21:02.947Z - GET /api/settings?userId=76
2026-08-03T13:21:03.310Z - GET /api/achievement/rewards?userId=76
2026-08-03T13:21:05.794Z - GET /api/speech/tts?text=send&speed=3
2026-08-03T13:21:15.667Z - GET /api/speech/tts?text=force&speed=3
2026-08-03T13:21:35.429Z - GET /api/speech/tts?text=teacher&speed=3
2026-08-03T13:23:27.428Z - GET /api/settings?userId=76
2026-08-03T13:23:31.897Z - POST /api/adventure-course/level/scene-002-014/submit
2026-08-03T13:23:32.684Z - GET /api/achievement?userId=76
2026-08-03T13:23:32.773Z - GET /api/settings?userId=76
2026-08-03T13:23:33.831Z - GET /api/adventure-course/module/scene-002/levels
2026-08-03T13:23:43.602Z - GET /api/adventure-course/level/scene-002-015/questions
2026-08-03T13:23:44.250Z - GET /api/settings?userId=76
2026-08-03T13:23:44.818Z - GET /api/achievement?userId=76
2026-08-03T13:23:44.892Z - GET /api/achievement/rewards?userId=76
2026-08-03T13:23:44.893Z - GET /api/settings?userId=76
2026-08-03T13:24:41.901Z - GET /api/speech/tts?text=decide&speed=3
2026-08-03T13:24:53.880Z - GET /api/speech/tts?text=less&speed=3
2026-08-03T13:25:01.497Z - GET /api/speech/tts?text=decision&speed=3
2026-08-03T13:25:10.824Z - POST /api/adventure-course/level/scene-002-015/submit
2026-08-03T13:25:11.593Z - GET /api/achievement?userId=76
2026-08-03T13:25:11.689Z - GET /api/settings?userId=76
2026-08-03T13:25:12.900Z - GET /api/adventure-course/module/scene-002/levels
2026-08-03T13:26:06.537Z - GET /api/adventure-course/modules
2026-08-03T13:26:06.554Z - GET /api/user/stats?userId=76
2026-08-03T13:26:06.604Z - GET /api/settings?userId=76
2026-08-03T13:26:06.606Z - GET /api/user/streak?userId=76
2026-08-03T13:26:06.803Z - GET /api/settings?userId=76
2026-08-03T13:26:06.972Z - GET /api/word/status?userId=76
2026-08-03T13:26:16.649Z - GET /api/adventure-course/modules
2026-08-03T13:26:16.676Z - GET /api/settings?userId=76
2026-08-03T13:26:16.678Z - GET /api/user/stats?userId=76
2026-08-03T13:26:16.709Z - GET /api/user/streak?userId=76
2026-08-03T13:26:16.818Z - GET /api/settings?userId=76
2026-08-03T13:27:52.312Z - GET /api/adventure-course/modules
2026-08-03T13:27:52.729Z - GET /api/adventure-course/modules
2026-08-03T13:27:52.850Z - GET /api/user/stats?userId=76
2026-08-03T13:27:52.851Z - GET /api/user/streak?userId=76
2026-08-03T13:27:52.870Z - GET /api/settings?userId=76
2026-08-03T13:27:52.952Z - GET /api/word/status?userId=76
2026-08-03T13:27:54.382Z - GET /api/settings?userId=76
2026-08-03T13:27:54.617Z - GET /api/words/count
2026-08-03T13:27:54.620Z - GET /api/words/daily?limit=20&progressive=1
2026-08-03T13:27:54.649Z - GET /api/word/status?userId=76
2026-08-03T13:27:54.650Z - GET /api/words/wrong?limit=1
2026-08-03T13:27:54.765Z - GET /api/achievement?userId=76
2026-08-03T13:27:54.789Z - GET /api/settings?userId=76
2026-08-03T13:27:54.814Z - GET /api/user/stats?userId=76
2026-08-03T13:27:54.913Z - GET /api/achievement?userId=76
2026-08-03T13:28:02.140Z - GET /api/words/daily?limit=60&progressive=1
2026-08-03T13:28:09.583Z - POST /api/word/status/unknown
2026-08-03T13:28:10.025Z - GET /api/words/wrong?limit=1
2026-08-03T13:28:10.329Z - GET /api/achievement?userId=76
2026-08-03T13:28:10.349Z - GET /api/settings?userId=76
2026-08-03T13:28:20.453Z - POST /api/word/status/known
2026-08-03T13:28:20.609Z - GET /api/words/wrong?limit=1
2026-08-03T13:28:21.188Z - GET /api/achievement?userId=76
2026-08-03T13:28:21.216Z - GET /api/settings?userId=76
2026-08-03T13:28:26.483Z - POST /api/user/stats/study-time
2026-08-03T13:28:27.265Z - GET /api/achievement?userId=76
2026-08-03T13:28:27.278Z - GET /api/settings?userId=76
2026-08-03T13:28:27.799Z - POST /api/word/status/known
2026-08-03T13:28:27.985Z - GET /api/words/wrong?limit=1
2026-08-03T13:28:28.594Z - GET /api/settings?userId=76
2026-08-03T13:28:28.611Z - GET /api/achievement?userId=76
2026-08-03T13:28:31.730Z - POST /api/word/status/known
2026-08-03T13:28:31.890Z - GET /api/words/wrong?limit=1
2026-08-03T13:28:32.499Z - GET /api/settings?userId=76
2026-08-03T13:28:32.517Z - GET /api/achievement?userId=76
2026-08-03T13:28:34.833Z - POST /api/word/status/known
2026-08-03T13:28:35.027Z - GET /api/words/wrong?limit=1
2026-08-03T13:28:35.620Z - GET /api/settings?userId=76
2026-08-03T13:28:35.621Z - GET /api/achievement?userId=76
2026-08-03T13:28:39.621Z - POST /api/word/status/unknown
2026-08-03T13:28:39.832Z - GET /api/words/wrong?limit=1
2026-08-03T13:28:40.416Z - GET /api/achievement?userId=76
2026-08-03T13:28:40.421Z - GET /api/settings?userId=76
2026-08-03T13:28:46.372Z - POST /api/word/status/known
2026-08-03T13:28:46.585Z - GET /api/words/wrong?limit=1
2026-08-03T13:28:47.191Z - GET /api/settings?userId=76
2026-08-03T13:28:47.192Z - GET /api/achievement?userId=76
2026-08-03T13:28:53.712Z - POST /api/word/status/known
2026-08-03T13:28:53.868Z - GET /api/words/wrong?limit=1
2026-08-03T13:28:57.948Z - GET /api/achievement?userId=76
2026-08-03T13:28:57.968Z - GET /api/settings?userId=76
2026-08-03T13:29:10.951Z - POST /api/word/status/unknown
2026-08-03T13:29:11.168Z - GET /api/words/wrong?limit=1
2026-08-03T13:29:11.829Z - GET /api/settings?userId=76
2026-08-03T13:29:11.831Z - GET /api/achievement?userId=76
2026-08-03T13:29:25.796Z - POST /api/word/status/known
2026-08-03T13:29:26.045Z - GET /api/words/wrong?limit=1
2026-08-03T13:29:26.490Z - POST /api/user/stats/study-time
2026-08-03T13:29:26.627Z - GET /api/achievement?userId=76
2026-08-03T13:29:26.686Z - GET /api/settings?userId=76
2026-08-03T13:29:27.272Z - GET /api/achievement?userId=76
2026-08-03T13:29:27.292Z - GET /api/settings?userId=76
2026-08-03T13:29:29.890Z - POST /api/word/status/known
2026-08-03T13:29:30.129Z - GET /api/words/wrong?limit=1
2026-08-03T13:29:30.738Z - GET /api/achievement?userId=76
2026-08-03T13:29:30.776Z - GET /api/settings?userId=76
2026-08-03T13:29:36.842Z - POST /api/word/status/known
2026-08-03T13:29:36.966Z - GET /api/words/wrong?limit=1
2026-08-03T13:29:37.568Z - GET /api/achievement?userId=76
2026-08-03T13:29:37.589Z - GET /api/settings?userId=76
2026-08-03T13:29:49.135Z - POST /api/word/status/unknown
2026-08-03T13:29:49.356Z - GET /api/words/wrong?limit=1
2026-08-03T13:29:49.957Z - GET /api/achievement?userId=76
2026-08-03T13:29:49.981Z - GET /api/settings?userId=76
2026-08-03T13:30:05.065Z - POST /api/word/status/unknown
2026-08-03T13:30:05.497Z - GET /api/words/wrong?limit=1
2026-08-03T13:30:06.118Z - GET /api/settings?userId=76
2026-08-03T13:30:06.132Z - GET /api/achievement?userId=76
2026-08-03T13:30:11.788Z - POST /api/word/status/known
2026-08-03T13:30:12.492Z - GET /api/words/wrong?limit=1
2026-08-03T13:30:13.084Z - GET /api/achievement?userId=76
2026-08-03T13:30:13.104Z - GET /api/settings?userId=76
2026-08-03T13:30:14.865Z - POST /api/word/status/known
2026-08-03T13:30:15.185Z - GET /api/words/wrong?limit=1
2026-08-03T13:30:15.782Z - GET /api/settings?userId=76
2026-08-03T13:30:15.790Z - GET /api/achievement?userId=76
2026-08-03T13:30:21.176Z - POST /api/word/status/unknown
2026-08-03T13:30:21.399Z - GET /api/words/wrong?limit=1
2026-08-03T13:30:22.014Z - GET /api/achievement?userId=76
2026-08-03T13:30:22.016Z - GET /api/settings?userId=76
2026-08-03T13:30:24.935Z - POST /api/word/status/known
2026-08-03T13:30:25.121Z - GET /api/words/wrong?limit=1
2026-08-03T13:30:25.703Z - GET /api/achievement?userId=76
2026-08-03T13:30:25.726Z - GET /api/settings?userId=76
2026-08-03T13:30:26.471Z - POST /api/user/stats/study-time
2026-08-03T13:30:27.235Z - GET /api/achievement?userId=76
2026-08-03T13:30:27.254Z - GET /api/settings?userId=76
2026-08-03T13:30:40.504Z - POST /api/word/status/unknown
2026-08-03T13:30:40.748Z - GET /api/words/wrong?limit=1
2026-08-03T13:30:41.374Z - GET /api/achievement?userId=76
2026-08-03T13:30:41.394Z - GET /api/settings?userId=76
2026-08-03T13:30:46.008Z - POST /api/word/status/unknown
2026-08-03T13:30:46.170Z - GET /api/words/wrong?limit=1
2026-08-03T13:30:46.786Z - GET /api/achievement?userId=76
2026-08-03T13:30:46.804Z - GET /api/settings?userId=76
2026-08-03T13:30:56.209Z - GET /api/words/count
2026-08-03T13:30:56.226Z - GET /api/words/daily?limit=20&progressive=1
2026-08-03T13:30:56.318Z - GET /api/word/status?userId=76
2026-08-03T13:30:56.329Z - GET /api/words/wrong?limit=1
2026-08-03T13:30:56.497Z - GET /api/user/stats?userId=76
2026-08-03T13:30:57.915Z - GET /api/words/daily?limit=60&progressive=1
2026-08-03T13:31:01.456Z - GET /api/words/count
2026-08-03T13:31:01.479Z - GET /api/words/daily?limit=20&progressive=1
2026-08-03T13:31:01.491Z - GET /api/word/status?userId=76
2026-08-03T13:31:01.508Z - GET /api/words/wrong?limit=1
2026-08-03T13:31:01.608Z - GET /api/user/stats?userId=76
2026-08-03T13:31:03.235Z - GET /api/words/daily?limit=60&progressive=1
2026-08-03T13:31:10.989Z - POST /api/speech/evaluate
2026-08-03T13:31:12.305Z - POST /api/word/status/known
2026-08-03T13:31:12.397Z - GET /api/words/wrong?limit=1
2026-08-03T13:31:13.016Z - GET /api/settings?userId=76
2026-08-03T13:31:13.018Z - GET /api/achievement?userId=76
2026-08-03T13:31:17.110Z - POST /api/speech/evaluate
2026-08-03T13:31:18.599Z - POST /api/word/status/known
2026-08-03T13:31:19.180Z - GET /api/words/wrong?limit=1
2026-08-03T13:31:19.782Z - GET /api/achievement?userId=76
2026-08-03T13:31:19.791Z - GET /api/settings?userId=76
2026-08-03T13:31:22.743Z - POST /api/speech/evaluate
2026-08-03T13:31:23.638Z - POST /api/word/status/known
2026-08-03T13:31:23.787Z - GET /api/words/wrong?limit=1
2026-08-03T13:31:24.398Z - GET /api/achievement?userId=76
2026-08-03T13:31:24.401Z - GET /api/settings?userId=76
2026-08-03T13:31:26.473Z - POST /api/user/stats/study-time
2026-08-03T13:31:27.277Z - GET /api/achievement?userId=76
2026-08-03T13:31:27.279Z - GET /api/settings?userId=76
2026-08-03T13:31:28.309Z - POST /api/speech/evaluate
2026-08-03T13:31:29.530Z - POST /api/word/status/known
2026-08-03T13:31:29.790Z - GET /api/words/wrong?limit=1
2026-08-03T13:31:30.391Z - GET /api/settings?userId=76
2026-08-03T13:31:30.393Z - GET /api/achievement?userId=76
2026-08-03T13:31:34.317Z - POST /api/speech/evaluate
2026-08-03T13:31:35.864Z - POST /api/word/status/known
2026-08-03T13:31:36.034Z - GET /api/words/wrong?limit=1
2026-08-03T13:31:36.647Z - GET /api/achievement?userId=76
2026-08-03T13:31:36.678Z - GET /api/settings?userId=76
2026-08-03T13:31:40.500Z - POST /api/speech/evaluate
2026-08-03T13:31:41.700Z - POST /api/word/status/unknown
2026-08-03T13:31:41.902Z - GET /api/words/wrong?limit=1
2026-08-03T13:31:42.501Z - GET /api/achievement?userId=76
2026-08-03T13:31:42.505Z - GET /api/settings?userId=76
2026-08-03T13:31:45.906Z - POST /api/speech/evaluate
2026-08-03T13:31:47.218Z - POST /api/word/status/known
2026-08-03T13:31:47.351Z - GET /api/words/wrong?limit=1
2026-08-03T13:31:47.950Z - GET /api/settings?userId=76
2026-08-03T13:31:47.952Z - GET /api/achievement?userId=76
2026-08-03T13:31:51.499Z - POST /api/speech/evaluate
2026-08-03T13:31:52.650Z - POST /api/word/status/unknown
2026-08-03T13:31:52.817Z - GET /api/words/wrong?limit=1
2026-08-03T13:31:53.444Z - GET /api/achievement?userId=76
2026-08-03T13:31:53.447Z - GET /api/settings?userId=76
2026-08-03T13:31:54.950Z - POST /api/speech/evaluate
2026-08-03T13:31:55.614Z - POST /api/word/status/unknown
2026-08-03T13:31:55.783Z - GET /api/words/wrong?limit=1
2026-08-03T13:31:56.375Z - GET /api/settings?userId=76
2026-08-03T13:31:56.377Z - GET /api/achievement?userId=76
2026-08-03T13:31:58.964Z - POST /api/speech/evaluate
2026-08-03T13:32:00.229Z - POST /api/word/status/unknown
2026-08-03T13:32:00.588Z - GET /api/words/wrong?limit=1
2026-08-03T13:32:00.936Z - GET /api/achievement?userId=76
2026-08-03T13:32:00.951Z - GET /api/settings?userId=76
2026-08-03T13:32:04.474Z - POST /api/speech/evaluate
2026-08-03T13:32:05.661Z - POST /api/word/status/unknown
2026-08-03T13:32:05.791Z - GET /api/words/wrong?limit=1
2026-08-03T13:32:06.572Z - GET /api/achievement?userId=76
2026-08-03T13:32:06.682Z - GET /api/settings?userId=76
2026-08-03T13:32:06.827Z - GET /api/speech/tts?text=when&speed=3
2026-08-03T13:32:10.656Z - POST /api/speech/evaluate
2026-08-03T13:32:12.016Z - POST /api/word/status/unknown
2026-08-03T13:32:12.207Z - GET /api/words/wrong?limit=1
2026-08-03T13:32:12.808Z - GET /api/achievement?userId=76
2026-08-03T13:32:12.824Z - GET /api/settings?userId=76
2026-08-03T13:32:17.630Z - POST /api/speech/evaluate
2026-08-03T13:32:19.130Z - POST /api/word/status/unknown
2026-08-03T13:32:19.334Z - GET /api/words/wrong?limit=1
2026-08-03T13:32:19.941Z - GET /api/achievement?userId=76
2026-08-03T13:32:19.961Z - GET /api/settings?userId=76
2026-08-03T13:32:22.653Z - GET /api/words/count
2026-08-03T13:32:22.699Z - GET /api/words/daily?limit=20&progressive=1
2026-08-03T13:32:22.889Z - GET /api/words/wrong?limit=1
2026-08-03T13:32:22.891Z - GET /api/word/status?userId=76
2026-08-03T13:32:23.466Z - GET /api/user/stats?userId=76
2026-08-03T13:32:24.173Z - GET /api/words/daily?limit=60&progressive=1
2026-08-03T13:32:26.470Z - POST /api/user/stats/study-time
2026-08-03T13:32:27.217Z - GET /api/achievement?userId=76
2026-08-03T13:32:27.239Z - GET /api/settings?userId=76
2026-08-03T13:32:29.160Z - POST /api/word/status/known
2026-08-03T13:32:29.291Z - GET /api/words/wrong?limit=1
2026-08-03T13:32:29.896Z - GET /api/achievement?userId=76
2026-08-03T13:32:29.923Z - GET /api/settings?userId=76
2026-08-03T13:32:31.063Z - POST /api/word/status/known
2026-08-03T13:32:31.231Z - GET /api/words/wrong?limit=1
2026-08-03T13:32:31.990Z - GET /api/achievement?userId=76
2026-08-03T13:32:31.994Z - GET /api/settings?userId=76
2026-08-03T13:32:37.727Z - POST /api/word/status/unknown
2026-08-03T13:32:37.924Z - GET /api/words/wrong?limit=1
2026-08-03T13:32:38.534Z - GET /api/settings?userId=76
2026-08-03T13:32:38.537Z - GET /api/achievement?userId=76
2026-08-03T13:32:44.005Z - POST /api/word/status/known
2026-08-03T13:32:44.517Z - GET /api/words/wrong?limit=1
2026-08-03T13:32:45.316Z - GET /api/achievement?userId=76
2026-08-03T13:32:45.318Z - GET /api/settings?userId=76
2026-08-03T13:32:48.224Z - POST /api/word/status/known
2026-08-03T13:32:48.445Z - GET /api/words/wrong?limit=1
2026-08-03T13:32:49.049Z - GET /api/achievement?userId=76
2026-08-03T13:32:49.051Z - GET /api/settings?userId=76
2026-08-03T13:32:49.869Z - POST /api/word/status/known
2026-08-03T13:32:50.179Z - GET /api/words/wrong?limit=1
2026-08-03T13:32:50.694Z - GET /api/achievement?userId=76
2026-08-03T13:32:50.714Z - GET /api/settings?userId=76
2026-08-03T13:32:55.354Z - POST /api/word/status/known
2026-08-03T13:32:55.514Z - GET /api/words/wrong?limit=1
2026-08-03T13:32:56.116Z - GET /api/achievement?userId=76
2026-08-03T13:32:56.122Z - GET /api/settings?userId=76
2026-08-03T13:32:57.633Z - POST /api/word/status/unknown
2026-08-03T13:32:57.804Z - GET /api/words/wrong?limit=1
2026-08-03T13:32:58.454Z - GET /api/achievement?userId=76
2026-08-03T13:32:58.457Z - GET /api/settings?userId=76
2026-08-03T13:33:02.182Z - POST /api/word/status/unknown
2026-08-03T13:33:02.337Z - GET /api/words/wrong?limit=1
2026-08-03T13:33:02.958Z - GET /api/achievement?userId=76
2026-08-03T13:33:02.961Z - GET /api/settings?userId=76
2026-08-03T13:33:05.620Z - GET /api/words/daily?limit=20&progressive=1
2026-08-03T13:33:05.622Z - GET /api/words/count
2026-08-03T13:33:05.641Z - GET /api/words/wrong?limit=1
2026-08-03T13:33:05.642Z - GET /api/word/status?userId=76
2026-08-03T13:33:05.755Z - GET /api/user/stats?userId=76
2026-08-03T13:33:11.628Z - GET /api/words/daily?limit=60&progressive=1
2026-08-03T13:33:16.314Z - POST /api/word/status/known
2026-08-03T13:33:16.415Z - GET /api/words/wrong?limit=1
2026-08-03T13:33:17.024Z - GET /api/achievement?userId=76
2026-08-03T13:33:17.030Z - GET /api/settings?userId=76
2026-08-03T13:33:19.316Z - POST /api/word/status/known
2026-08-03T13:33:19.486Z - GET /api/words/wrong?limit=1
2026-08-03T13:33:20.107Z - GET /api/achievement?userId=76
2026-08-03T13:33:20.110Z - GET /api/settings?userId=76
2026-08-03T13:33:24.812Z - POST /api/word/status/unknown
2026-08-03T13:33:24.996Z - GET /api/words/wrong?limit=1
2026-08-03T13:33:25.589Z - GET /api/achievement?userId=76
2026-08-03T13:33:25.593Z - GET /api/settings?userId=76
2026-08-03T13:33:26.462Z - POST /api/user/stats/study-time
2026-08-03T13:33:27.186Z - GET /api/achievement?userId=76
2026-08-03T13:33:27.189Z - GET /api/settings?userId=76
2026-08-03T13:33:31.285Z - POST /api/word/status/unknown
2026-08-03T13:33:32.301Z - GET /api/words/wrong?limit=1
2026-08-03T13:33:34.419Z - GET /api/achievement?userId=76
2026-08-03T13:33:34.422Z - GET /api/settings?userId=76
2026-08-03T13:33:44.113Z - POST /api/word/status/unknown
2026-08-03T13:33:44.273Z - GET /api/words/wrong?limit=1
2026-08-03T13:33:44.871Z - GET /api/achievement?userId=76
2026-08-03T13:33:44.891Z - GET /api/settings?userId=76
2026-08-03T13:33:52.284Z - POST /api/word/status/known
2026-08-03T13:33:52.540Z - GET /api/words/wrong?limit=1
2026-08-03T13:33:53.124Z - GET /api/achievement?userId=76
2026-08-03T13:33:53.141Z - GET /api/settings?userId=76
2026-08-03T13:34:03.870Z - POST /api/word/status/unknown
2026-08-03T13:34:04.015Z - GET /api/words/wrong?limit=1
2026-08-03T13:34:04.695Z - GET /api/settings?userId=76
2026-08-03T13:34:04.697Z - GET /api/achievement?userId=76
2026-08-03T13:34:26.526Z - POST /api/user/stats/study-time
2026-08-03T13:34:27.369Z - GET /api/achievement?userId=76
2026-08-03T13:34:27.378Z - GET /api/settings?userId=76
2026-08-03T13:34:40.617Z - POST /api/word/status/known
2026-08-03T13:34:41.591Z - GET /api/words/wrong?limit=1
2026-08-03T13:34:41.646Z - GET /api/achievement?userId=76
2026-08-03T13:34:41.808Z - GET /api/settings?userId=76
2026-08-03T13:34:47.399Z - POST /api/word/status/unknown
2026-08-03T13:34:47.566Z - GET /api/words/wrong?limit=1
2026-08-03T13:34:48.183Z - GET /api/settings?userId=76
2026-08-03T13:34:48.185Z - GET /api/achievement?userId=76
2026-08-03T13:34:55.635Z - POST /api/word/status/unknown
2026-08-03T13:34:56.124Z - GET /api/words/wrong?limit=1
2026-08-03T13:34:56.439Z - GET /api/achievement?userId=76
2026-08-03T13:34:56.463Z - GET /api/settings?userId=76
2026-08-03T13:35:06.446Z - POST /api/word/status/unknown
2026-08-03T13:35:06.584Z - GET /api/words/wrong?limit=1
2026-08-03T13:35:07.177Z - GET /api/achievement?userId=76
2026-08-03T13:35:07.196Z - GET /api/settings?userId=76
2026-08-03T13:35:19.082Z - POST /api/word/status/unknown
2026-08-03T13:35:19.284Z - GET /api/words/wrong?limit=1
2026-08-03T13:35:19.909Z - GET /api/achievement?userId=76
2026-08-03T13:35:19.922Z - GET /api/settings?userId=76
2026-08-03T13:35:23.089Z - GET /api/words/daily?limit=20&progressive=1
2026-08-03T13:35:23.091Z - GET /api/word/status?userId=76
2026-08-03T13:35:23.125Z - GET /api/words/count
2026-08-03T13:35:23.490Z - GET /api/words/wrong?limit=1
2026-08-03T13:35:23.538Z - GET /api/user/stats?userId=76
2026-08-03T13:35:26.495Z - POST /api/user/stats/study-time
2026-08-03T13:35:27.286Z - GET /api/achievement?userId=76
2026-08-03T13:35:27.307Z - GET /api/settings?userId=76
2026-08-03T13:35:27.915Z - GET /api/words/daily?limit=60&progressive=1
2026-08-03T13:35:30.375Z - GET /api/adventure-course/modules
2026-08-03T13:35:30.411Z - GET /api/user/streak?userId=76
2026-08-03T13:35:30.431Z - GET /api/user/stats?userId=76
2026-08-03T13:35:30.463Z - GET /api/settings?userId=76
2026-08-03T13:35:30.649Z - GET /api/word/status?userId=76
